// Jest Snapshot v1, https://goo.gl/fbAQLP

exports[`Test Rocket component  Does Books match the snapshot ? 1`] = `
<div
  className="book-container"
>
  <div
    className="books"
  />
</div>
`;
